kokbael@DESKTOP-CLDSDLV:/mnt/c/Users/82108$ cd
kokbael@DESKTOP-CLDSDLV:~$ ls
0315  chang  choi  cs
kokbael@DESKTOP-CLDSDLV:~$ cd chang
kokbael@DESKTOP-CLDSDLV:~/chang$ ls
doc  test
kokbael@DESKTOP-CLDSDLV:~/chang$ cd test
kokbael@DESKTOP-CLDSDLV:~/chang/test$ ls
kokbael@DESKTOP-CLDSDLV:~/chang/test$ cat cs1.txt
cat: cs1.txt: No such file or directory
kokbael@DESKTOP-CLDSDLV:~/chang/test$ cat
cs1.txt
cs1.txt
>ls
>ls
kokbael@DESKTOP-CLDSDLV:~/chang/test$ cat > cs1.txt
A b c d
e f g
e f g
kokbael@DESKTOP-CLDSDLV:~/chang/test$ ls
cs1.txt
kokbael@DESKTOP-CLDSDLV:~/chang/test$ path chang

Command 'path' not found, did you mean:

  command 'mpath' from deb libmodule-path-perl (0.19-1)
  command 'patch' from deb patch (2.7.6-6)
  command 'path6' from deb ipv6toolkit (2.0-1)
  command 'xpath' from deb libxml-xpath-perl (1.44-1)
  command 'pat' from deb dist (1:3.5-236-0.1build1)

Try: sudo apt install <deb name>

kokbael@DESKTOP-CLDSDLV:~/chang/test$ find chang
find: ‘chang’: No such file or directory
kokbael@DESKTOP-CLDSDLV:~/chang/test$ find
.
./cs1.txt
kokbael@DESKTOP-CLDSDLV:~/chang/test$ cat > cs2.txt
1
2
3
4
5
6
7
8
9
10
11
12
13
14
15
16
17
18
19
20
kokbael@DESKTOP-CLDSDLV:~/chang/test$ show

Command 'show' not found, but can be installed with:

sudo apt install mailutils-mh  # version 1:3.7-2.1, or
sudo apt install mmh           # version 0.4-2
sudo apt install nmh           # version 1.7.1-6

kokbael@DESKTOP-CLDSDLV:~/chang/test$ ls
cs1.txt  cs2.txt
kokbael@DESKTOP-CLDSDLV:~/chang/test$ cat cs2.txt
1
2
3
4
5
6
7
8
9
10
11
12
13
14
15
16
17
18
19
20
kokbael@DESKTOP-CLDSDLV:~/chang/test$ cat cs1.txt
A b c d
e f g
e f g
kokbael@DESKTOP-CLDSDLV:~/chang/test$ more cs2.txt
1
2
3
4
5
6
7
8
9
10
11
12
13
14
15
16
17
18
19
20
kokbael@DESKTOP-CLDSDLV:~/chang/test$ ls
cs1.txt  cs2.txt
kokbael@DESKTOP-CLDSDLV:~/chang/test$ ls chang/
ls: cannot access 'chang/': No such file or directory
kokbael@DESKTOP-CLDSDLV:~/chang/test$ cd
kokbael@DESKTOP-CLDSDLV:~$ ls
0315  chang  choi  cs
kokbael@DESKTOP-CLDSDLV:~$ ls chang/
doc  test
kokbael@DESKTOP-CLDSDLV:~$ ls chang/test/
cs1.txt  cs2.txt
kokbael@DESKTOP-CLDSDLV:~$ cp chang/test/cs1.txt .
kokbael@DESKTOP-CLDSDLV:~$ ls
0315  chang  choi  cs  cs1.txt
kokbael@DESKTOP-CLDSDLV:~$ cp chang/test/cs1.txt ./cs1_1.txt
kokbael@DESKTOP-CLDSDLV:~$ ls
0315  chang  choi  cs  cs1.txt  cs1_1.txt
kokbael@DESKTOP-CLDSDLV:~$ cp 0315 choi/cd101/
kokbael@DESKTOP-CLDSDLV:~$ ls choi/cd101/
0315
kokbael@DESKTOP-CLDSDLV:~$ rm -r choi/cd101/
kokbael@DESKTOP-CLDSDLV:~$ ls choi
kokbael@DESKTOP-CLDSDLV:~$ ls /choi
ls: cannot access '/choi': No such file or directory
kokbael@DESKTOP-CLDSDLV:~$ ls
0315  chang  choi  cs  cs1.txt  cs1_1.txt
kokbael@DESKTOP-CLDSDLV:~$ cd choi/
kokbael@DESKTOP-CLDSDLV:~/choi$ ls
kokbael@DESKTOP-CLDSDLV:~/choi$ mkdir cs101
kokbael@DESKTOP-CLDSDLV:~/choi$ ls
cs101
kokbael@DESKTOP-CLDSDLV:~/choi$ ls -l
total 4
drwxr-xr-x 2 kokbael kokbael 4096 Mar 15 18:23 cs101
kokbael@DESKTOP-CLDSDLV:~/choi$ cd ~
kokbael@DESKTOP-CLDSDLV:~$ ls
0315  chang  choi  cs  cs1.txt  cs1_1.txt
kokbael@DESKTOP-CLDSDLV:~$ cp 0315 choi/cs101/
kokbael@DESKTOP-CLDSDLV:~$ ls choi/cs101/
0315
kokbael@DESKTOP-CLDSDLV:~$